// Jest Snapshot v1, https://goo.gl/fbAQLP

exports[`<Home /> render() should render the component 1`] = `
<Home>
  <div
    className="pz-container"
  >
    <div
      className="my-content"
    >
      My Content
    </div>
  </div>
</Home>
`;
